// Jest Snapshot v1, https://goo.gl/fbAQLP

exports[`configs/redirects renderizar todos os redirects atuais 1`] = `
Array [
  Object {
    "destination": "/app/login/",
    "permanent": true,
    "source": "/login/",
  },
]
`;
